C51 COMPILER V9.00   MAIN                                                                  12/12/2017 23:50:06 PAGE 1   


C51 COMPILER V9.00, COMPILATION OF MODULE MAIN
OBJECT MODULE PLACED IN main.OBJ
COMPILER INVOKED BY: E:\2.DevelopSoft\Keil\C51\BIN\C51.EXE main.c BROWSE DEBUG OBJECTEXTEND

line level    source

   1          /*********************************************************************
   2                           作者：神秘藏宝室
   3                           店铺：ILoveMCU.taobao.com
   4          
   5                  本例程仅适用于在本店购买模块的用户使用，鄙视其它店铺的盗用行为
   6                  版权所有，盗版必究！！！
   7                  MC20 GSM/GPRS/GPS开发板：
   8                  https://item.taobao.com/item.htm?id=562661881042
   9                  SIM800 GSM/GPRS模块
  10                  https://item.taobao.com/item.htm?id=521599424969
  11                  STC89C52/STC12C5A60S2最小系统：
  12                  https://item.taobao.com/item.htm?id=26410708738
  13                  USB-TTL模块：
  14                  https://item.taobao.com/item.htm?id=39481188174
  15                  移动场合供电用锂电池套装：
  16                  https://item.taobao.com/item.htm?id=530904849115
  17          *********************************************************************/
  18          
  19          #include "main.h"
  20          #include "uart.h"
  21          
  22          //常量
  23          #define Success 1U
  24          #define Failure 0U
  25          
  26          //定义变量
  27          unsigned long  Time_Cont = 0;       //定时器计数器
  28          
  29          char phoneNumber[] = "173xxxxxxx1";             //替换成需要被拨打电话的号码
  30          
  31          //****************************************************
  32          //主函数
  33          //****************************************************
  34          void main()
  35          {
  36   1      
  37   1          Uart_Init();                                                  
  38   1      
  39   1              if (sendCommand("AT\r\n", "OK\r\n", 3000, 10) == Success);
  40   1              else errorLog();
  41   1              delay_ms(10);
  42   1      
  43   1              if (sendCommand("AT+CPIN?\r\n", "READY", 1000, 10) == Success);
  44   1              else errorLog();
  45   1              delay_ms(10);
  46   1      
  47   1              if (sendCommand("AT+CREG?\r\n", "CREG: 0,1", 1000, 10) == Success);
  48   1              else
  49   1              {
  50   2                      delay_ms(10);
  51   2                      if (sendCommand("AT+CREG?\r\n", "CREG: 0,5", 1000, 10) == Success);
  52   2                      else errorLog();
  53   2              }       
  54   1              delay_ms(10);
  55   1      
C51 COMPILER V9.00   MAIN                                                                  12/12/2017 23:50:06 PAGE 2   

  56   1      
  57   1              phone(phoneNumber);             //打电话
  58   1      
  59   1              while(1)
  60   1              {       
  61   2      
  62   2              }
  63   1      }
  64          
  65          void phone(char *number)
  66          {
  67   1              char send_buf[20] = {0};
  68   1              memset(send_buf, 0, 20);    //清空
  69   1              strcpy(send_buf, "ATD");
  70   1              strcat(send_buf, number);
  71   1              strcat(send_buf, ";\r\n");
  72   1      
  73   1              if (sendCommand(send_buf, "OK\r\n", 10000, 10) == Success);
  74   1              else errorLog();
  75   1      }
  76          
  77          void errorLog()
  78          {
  79   1              while (1)
  80   1              {
  81   2                      if (sendCommand("AT\r\n", "OK\r\n", 100, 10) == Success)
  82   2                      {
  83   3                              soft_reset();
  84   3                      }
  85   2                      delay_ms(200);
  86   2              }
  87   1      }
  88          
  89          void soft_reset(void)    //制造重启命令
  90          {
  91   1         ((void (code *) (void)) 0x0000) ();
  92   1      }
  93          
  94          unsigned int sendCommand(char *Command, char *Response, unsigned long Timeout, unsigned char Retry)
  95          {
  96   1              unsigned char n;
  97   1              CLR_Buf();
  98   1              for (n = 0; n < Retry; n++)
  99   1              {
 100   2                      SendString(Command);            //发送GPRS指令
 101   2      
 102   2                      Time_Cont = 0;
 103   2                      while (Time_Cont < Timeout)
 104   2                      {
 105   3                              delay_ms(100);
 106   3                              Time_Cont += 100;
 107   3                              if (strstr(Rec_Buf, Response) != NULL)
 108   3                              {
 109   4                                      
 110   4                                      CLR_Buf();
 111   4                                      return Success;
 112   4                              }
 113   3                              
 114   3                      }
 115   2                      Time_Cont = 0;
 116   2              }
 117   1              
C51 COMPILER V9.00   MAIN                                                                  12/12/2017 23:50:06 PAGE 3   

 118   1              CLR_Buf();
 119   1              return Failure;
 120   1      }
 121          
 122          //****************************************************
 123          //MS延时函数(12M晶振下测试)
 124          //****************************************************
 125          void delay_ms(unsigned int n)
 126          {
 127   1              unsigned int  i,j;
 128   1                      for(i=0;i<n;i++)
 129   1                              for(j=0;j<123;j++);
 130   1      }


MODULE INFORMATION:   STATIC OVERLAYABLE
   CODE SIZE        =    525    ----
   CONSTANT SIZE    =     86    ----
   XDATA SIZE       =   ----    ----
   PDATA SIZE       =   ----    ----
   DATA SIZE        =     16      35
   IDATA SIZE       =   ----    ----
   BIT SIZE         =   ----    ----
END OF MODULE INFORMATION.


C51 COMPILATION COMPLETE.  0 WARNING(S),  0 ERROR(S)
