<html>
<body>
<pre>
<h1>礦ision Build Log</h1>
<h2>Tool Versions:</h2>
IDE-Version: μVision V5.14.0.0
Copyright (C) 2015 ARM Ltd and ARM Germany GmbH. All rights reserved.
License Information: wbwj wbwj, wbwj, LIC=EXJTG-VE8UX-63TMB-2MN4U-6GJ9G-UC77N
 
Tool Versions:
Toolchain:       MDK-ARM Standard  Version: 5.14.0.0
Toolchain Path:  C:\keil\ARM\ARMCC\Bin
C Compiler:      Armcc.exe V5.05 update 1 (build 106)
Assembler:       Armasm.exe V5.05 update 1 (build 106)
Linker/Locator:  ArmLink.exe V5.05 update 1 (build 106)
Library Manager: ArmAr.exe V5.05 update 1 (build 106)
Hex Converter:   FromElf.exe V5.05 update 1 (build 106)
CPU DLL:         SARMCM3.DLL V5.14.0.0
Dialog DLL:      DARMSTM.DLL V1.65.0.0
Target DLL:      Segger\JL2CM3.dll V2.99.13.0
Dialog DLL:      TARMSTM.DLL V1.64.0.0
 
<h2>Project:</h2>
I:\机械硬盘\GitHub\Power-Line-Carrier\智能家居主控制第三版\USER\Template.uvprojx
Project File Date:  03/18/2018

<h2>Output:</h2>
Build target 'Target 1'
compiling dropdowndemo.c...
..\EMWIN_DEMO\Dropdown\dropdowndemo.c(559): warning:  #111-D: statement is unreachable
          break;
..\EMWIN_DEMO\Dropdown\dropdowndemo.c(722): warning:  #111-D: statement is unreachable
          break;
..\EMWIN_DEMO\Dropdown\dropdowndemo.c(1907): warning:  #550-D: variable "hWin" was set but never used
        WM_HWIN hWin;
..\EMWIN_DEMO\Dropdown\dropdowndemo.c: 3 warnings, 0 errors
linking...
Program Size: Code=135022 RO-data=43270 RW-data=1236 ZI-data=913972  
FromELF: creating hex file...
"..\OBJ\MALLOC.axf" - 0 Error(s), 3 Warning(s).

<h2>Collection of Component include folders:</h2>
  I:\机械硬盘\GitHub\Power-Line-Carrier\智能家居主控制第三版\USER\RTE
  C:\keil\ARM\PACK\Keil\STM32F1xx_DFP\2.1.0

<h2>Collection of Component Files used:</h2>
</pre>
</body>
</html>
