<html>
<body>
<pre>
<h1>礦ision Build Log</h1>
<h2>Tool Versions:</h2>
IDE-Version: μVision V5.14.0.0
Copyright (C) 2015 ARM Ltd and ARM Germany GmbH. All rights reserved.
License Information: wbwj wbwj, wbwj, LIC=EXJTG-VE8UX-63TMB-2MN4U-6GJ9G-UC77N
 
Tool Versions:
Toolchain:       MDK-ARM Standard  Version: 5.14.0.0
Toolchain Path:  C:\keil\ARM\ARMCC\Bin
C Compiler:      Armcc.exe V5.05 update 1 (build 106)
Assembler:       Armasm.exe V5.05 update 1 (build 106)
Linker/Locator:  ArmLink.exe V5.05 update 1 (build 106)
Library Manager: ArmAr.exe V5.05 update 1 (build 106)
Hex Converter:   FromElf.exe V5.05 update 1 (build 106)
CPU DLL:         SARMCM3.DLL V5.14.0.0
Dialog DLL:      DARMSTM.DLL V1.65.0.0
Target DLL:      Segger\JL2CM3.dll V2.99.13.0
Dialog DLL:      TARMSTM.DLL V1.64.0.0
 
<h2>Project:</h2>
E:\挑战杯&&智能家居&&新苗\智能家居主控制第三版\USER\Template.uvprojx
Project File Date:  12/03/2017

<h2>Output:</h2>
Build target 'Target 1'
compiling main.c...
compiling stm32f10x_it.c...
compiling system_stm32f10x.c...
compiling led.c...
compiling key.c...
compiling ILI93xx.c...
compiling sram.c...
compiling myiic.c...
compiling 24cxx.c...
compiling spi.c...
compiling ctiic.c...
compiling ft5206.c...
compiling gt9147.c...
compiling ott2001a.c...
compiling touch.c...
compiling timer.c...
compiling sdio_sdcard.c...
compiling w25qxx.c...
compiling beep.c...
compiling buf_switch.c...
compiling stmflash.c...
..\HARDWARE\STMFLASH\stmflash.c(22): warning:  #223-D: function "FLASH_ProgramHalfWord" declared implicitly
                FLASH_ProgramHalfWord(WriteAddr,pBuffer[i]);
..\HARDWARE\STMFLASH\stmflash.c(44): warning:  #223-D: function "FLASH_Unlock" declared implicitly
        FLASH_Unlock();                                         //解锁
..\HARDWARE\STMFLASH\stmflash.c(59): warning:  #223-D: function "FLASH_ErasePage" declared implicitly
                        FLASH_ErasePage(secpos*STM_SECTOR_SIZE+STM32_FLASH_BASE);//擦除这个扇区
..\HARDWARE\STMFLASH\stmflash.c(78): warning:  #223-D: function "FLASH_Lock" declared implicitly
        FLASH_Lock();//上锁
..\HARDWARE\STMFLASH\stmflash.c: 4 warnings, 0 errors
compiling delay.c...
compiling sys.c...
compiling usart.c...
compiling core_cm3.c...
assembling startup_stm32f10x_hd.s...
compiling malloc.c...
compiling misc.c...
compiling stm32f10x_crc.c...
compiling stm32f10x_fsmc.c...
compiling stm32f10x_gpio.c...
compiling stm32f10x_rcc.c...
compiling stm32f10x_spi.c...
compiling stm32f10x_tim.c...
compiling stm32f10x_usart.c...
compiling stm32f10x_sdio.c...
compiling stm32f10x_dma.c...
compiling stm32f10x_flash.c...
compiling bsp.c...
compiling lib_ascii.c...
compiling lib_math.c...
compiling lib_mem.c...
compiling lib_str.c...
assembling lib_mem_a.asm...
compiling os_cfg_app.c...
compiling os_core.c...
compiling os_dbg.c...
compiling os_flag.c...
compiling os_int.c...
compiling os_mem.c...
compiling os_msg.c...
compiling os_mutex.c...
compiling os_pend_multi.c...
compiling os_prio.c...
compiling os_q.c...
compiling os_sem.c...
compiling os_stat.c...
compiling os_task.c...
compiling os_tick.c...
compiling os_time.c...
compiling os_tmr.c...
compiling os_var.c...
compiling os_cpu_c.c...
assembling os_cpu_a.s...
compiling os_app_hooks.c...
compiling GUIConf.c...
compiling GUI_X_UCOSIII.c...
compiling GUIDRV_Template.c...
compiling GUI_X_Touch_Analog.c...
compiling LCDConf_FlexColor_Template.c...
compiling cpu_core.c...
compiling cpu_c.c...
assembling cpu_a.asm...
compiling ff.c...
compiling diskio.c...
compiling exfuns.c...
compiling fattester.c...
compiling mycc936.c...
compiling fontupd.c...
compiling dropdowndemo.c...
..\EMWIN_DEMO\Dropdown\dropdowndemo.c(560): warning:  #111-D: statement is unreachable
          break;
..\EMWIN_DEMO\Dropdown\dropdowndemo.c(723): warning:  #111-D: statement is unreachable
          break;
..\EMWIN_DEMO\Dropdown\dropdowndemo.c(733): warning:  #111-D: statement is unreachable
          break;
..\EMWIN_DEMO\Dropdown\dropdowndemo.c(740): warning:  #111-D: statement is unreachable
          break;
..\EMWIN_DEMO\Dropdown\dropdowndemo.c(1808): warning:  #550-D: variable "hWin" was set but never used
        WM_HWIN hWin;
..\EMWIN_DEMO\Dropdown\dropdowndemo.c: 5 warnings, 0 errors
linking...
Program Size: Code=134694 RO-data=43146 RW-data=1204 ZI-data=913972  
FromELF: creating hex file...
"..\OBJ\MALLOC.axf" - 0 Error(s), 9 Warning(s).

<h2>Collection of Component include folders:</h2>
  E:\挑战杯&&智能家居&&新苗\智能家居主控制第三版\USER\RTE
  C:\keil\ARM\PACK\Keil\STM32F1xx_DFP\2.1.0

<h2>Collection of Component Files used:</h2>
</pre>
</body>
</html>
