<html>
<body>
<pre>
<h1>礦ision Build Log</h1>
<h2>Tool Versions:</h2>
IDE-Version: μVision V5.14.0.0
Copyright (C) 2015 ARM Ltd and ARM Germany GmbH. All rights reserved.
License Information: wbwj wbwj, wbwj, LIC=EXJTG-VE8UX-63TMB-2MN4U-6GJ9G-UC77N
 
Tool Versions:
Toolchain:       MDK-ARM Standard  Version: 5.14.0.0
Toolchain Path:  C:\keil\ARM\ARMCC\Bin
C Compiler:      Armcc.exe V5.05 update 1 (build 106)
Assembler:       Armasm.exe V5.05 update 1 (build 106)
Linker/Locator:  ArmLink.exe V5.05 update 1 (build 106)
Library Manager: ArmAr.exe V5.05 update 1 (build 106)
Hex Converter:   FromElf.exe V5.05 update 1 (build 106)
CPU DLL:         SARMCM3.DLL V5.14.0.0
Dialog DLL:      DARMSTM.DLL V1.65.0.0
Target DLL:      Segger\JL2CM3.dll V2.99.13.0
Dialog DLL:      TARMSTM.DLL V1.64.0.0
 
<h2>Project:</h2>
E:\GitHub\Power-Line-Carrier\智能家居从机处理0第二版\USER\Power_Line_Carrier_RXD.uvprojx
Project File Date:  12/06/2017

<h2>Output:</h2>
Build target 'Power_Line_Carrier_RXD'
compiling main.c...
..\HARDWARE\RX\rx.h(8): warning:  #1-D: last line of file ends without a newline
  #endif
..\HARDWARE\MANAGE\manage.h(9): warning:  #1295-D: Deprecated declaration Adc_Raindrop_Indoor - give arg types
  void Adc_Raindrop_Indoor();             //室内雨滴传感器（判断是否会出现水贱到从机主控芯片上面）
..\HARDWARE\MANAGE\manage.h(10): warning:  #1295-D: Deprecated declaration Adc_Raindrop_outdoor - give arg types
  void Adc_Raindrop_outdoor();            //室外雨滴传感器（判断外面是否下雨）
..\HARDWARE\MANAGE\manage.h(14): warning:  #1-D: last line of file ends without a newline
  #endif
..\HARDWARE\MOTOR\stepmotor.h(9): warning:  #1-D: last line of file ends without a newline
  #endif
main.c: 5 warnings, 0 errors
linking...
Program Size: Code=24814 RO-data=6930 RW-data=120 ZI-data=4056  
FromELF: creating hex file...
"..\OBJ\USART.axf" - 0 Error(s), 5 Warning(s).

<h2>Collection of Component include folders:</h2>
  E:\GitHub\Power-Line-Carrier\智能家居从机处理0第二版\USER\RTE
  C:\keil\ARM\PACK\Keil\STM32F1xx_DFP\2.1.0

<h2>Collection of Component Files used:</h2>
</pre>
</body>
</html>
