<html>
<body>
<pre>
<h1>礦ision Build Log</h1>
<h2>Tool Versions:</h2>
IDE-Version: μVision V5.14.0.0
Copyright (C) 2015 ARM Ltd and ARM Germany GmbH. All rights reserved.
License Information: wbwj wbwj, wbwj, LIC=EXJTG-VE8UX-63TMB-2MN4U-6GJ9G-UC77N
 
Tool Versions:
Toolchain:       MDK-ARM Standard  Version: 5.14.0.0
Toolchain Path:  C:\keil\ARM\ARMCC\Bin
C Compiler:      Armcc.exe V5.05 update 1 (build 106)
Assembler:       Armasm.exe V5.05 update 1 (build 106)
Linker/Locator:  ArmLink.exe V5.05 update 1 (build 106)
Library Manager: ArmAr.exe V5.05 update 1 (build 106)
Hex Converter:   FromElf.exe V5.05 update 1 (build 106)
CPU DLL:         SARMCM3.DLL V5.14.0.0
Dialog DLL:      DARMSTM.DLL V1.65.0.0
Target DLL:      Segger\JL2CM3.dll V2.99.13.0
Dialog DLL:      TARMSTM.DLL V1.64.0.0
 
<h2>Project:</h2>
F:\桌面\光强模块代码\USER\IIC.uvprojx
Project File Date:  04/05/2018

<h2>Output:</h2>
Build target 'IIC'
compiling main.c...
main.c(30): warning:  #1-D: last line of file ends without a newline
  }  
main.c(10): warning:  #177-D: variable "dat" was declared but never referenced
      unsigned char dat; 
main.c: 2 warnings, 0 errors
compiling stm32f10x_it.c...
compiling system_stm32f10x.c...
compiling led.c...
compiling key.c...
compiling lcd.c...
compiling myiic.c...
compiling lux.c...
..\HARDWARE\SFE_TSL2561\lux.c(175): warning:  #186-D: pointless comparison of unsigned integer with zero
      if ((ratio >= 0) && (ratio <= K1T))
..\HARDWARE\SFE_TSL2561\lux.c(193): warning:  #186-D: pointless comparison of unsigned integer with zero
      if ((ratio >= 0) && (ratio <= K1C))
..\HARDWARE\SFE_TSL2561\lux.c(215): warning:  #186-D: pointless comparison of unsigned integer with zero
      if (temp < 0) temp = 0;
..\HARDWARE\SFE_TSL2561\lux.c: 3 warnings, 0 errors
compiling SFE_TSL2561.c...
compiling tsl2561.c...
..\HARDWARE\TSL2561\tsl2561.c(62): warning:  #550-D: variable "ack" was set but never used
   uchar ack;    
..\HARDWARE\TSL2561\tsl2561.c(149): warning:  #186-D: pointless comparison of unsigned integer with zero
                if ((ratio >= 0) && (ratio <= TSL2561_LUX_K1T))
..\HARDWARE\TSL2561\tsl2561.c(191): warning:  #186-D: pointless comparison of unsigned integer with zero
                if (temp < 0)  temp = 0;                                                        // do not allow negative lux value
..\HARDWARE\TSL2561\tsl2561.c: 3 warnings, 0 errors
compiling delay.c...
compiling sys.c...
compiling usart.c...
compiling core_cm3.c...
assembling startup_stm32f10x_hd.s...
compiling misc.c...
compiling stm32f10x_fsmc.c...
compiling stm32f10x_gpio.c...
compiling stm32f10x_rcc.c...
compiling stm32f10x_usart.c...
compiling stm32f10x_tim.c...
linking...
Program Size: Code=6292 RO-data=336 RW-data=52 ZI-data=1836  
FromELF: creating hex file...
"..\OBJ\IIC.axf" - 0 Error(s), 8 Warning(s).

<h2>Collection of Component include folders:</h2>
  F:\桌面\光强模块代码\USER\RTE
  C:\keil\ARM\PACK\Keil\STM32F1xx_DFP\2.1.0

<h2>Collection of Component Files used:</h2>
</pre>
</body>
</html>
